#0 building with "default" instance using docker driver

#1 [internal] load build definition from Dockerfile.odoo18
#1 transferring dockerfile: 1.74kB done
#1 DONE 0.3s

#2 [internal] load metadata for docker.io/library/python:3.11-slim-bookworm
#2 DONE 0.6s

#3 [internal] load .dockerignore
#3 transferring context:
#3 transferring context: 2B done
#3 DONE 0.3s

#4 [internal] load build context
#4 DONE 0.0s

#5 [ 1/12] FROM docker.io/library/python:3.11-slim-bookworm@sha256:9c6f90801e6b68e772b7c0ca74260cbf7af9f320acec894e26fccdaccfbe3b47
#5 resolve docker.io/library/python:3.11-slim-bookworm@sha256:9c6f90801e6b68e772b7c0ca74260cbf7af9f320acec894e26fccdaccfbe3b47
#5 resolve docker.io/library/python:3.11-slim-bookworm@sha256:9c6f90801e6b68e772b7c0ca74260cbf7af9f320acec894e26fccdaccfbe3b47 0.2s done
#5 DONE 0.2s

#4 [internal] load build context
#4 transferring context: 3.09MB 0.9s done
#4 DONE 1.2s

#6 [ 3/12] RUN groupadd -g 101 odoo && useradd -m -d /home/odoo -u 101 -g odoo -s /bin/bash odoo
#6 CACHED

#7 [ 4/12] WORKDIR /opt/odoo
#7 CACHED

#8 [ 2/12] RUN apt-get update && apt-get install -y --no-install-recommends     build-essential     ca-certificates     curl     git     libpq-dev     libxml2-dev     libxslt1-dev     zlib1g-dev     libsasl2-dev     libldap2-dev     libssl-dev     libffi-dev     libjpeg62-turbo-dev     liblcms2-dev     libblas-dev     libatlas-base-dev     libfreetype6-dev     libwebp-dev     libharfbuzz-dev     libfribidi-dev     wkhtmltopdf     postgresql-client     && rm -rf /var/lib/apt/lists/*
#8 CACHED

#9 [ 5/12] COPY requirements.txt ./requirements.txt
#9 CACHED

#10 [ 6/12] RUN sed -E "s/^cbor2==5\.4\.2(\s*;\s*python_version\s*<\s*'3\.12'.*)$/cbor2==5.4.6\1/" requirements.txt > /tmp/requirements-docker.txt
#10 DONE 3.5s

#11 [ 7/12] RUN python -m venv "/opt/odoo/venv"     && "/opt/odoo/venv/bin/pip" install --upgrade "pip<25" "setuptools<81" "wheel<0.46"     && "/opt/odoo/venv/bin/pip" install --prefer-binary -r /tmp/requirements-docker.txt
#11 4.682 Requirement already satisfied: pip<25 in ./venv/lib/python3.11/site-packages (24.0)
#11 4.959 Collecting pip<25
#11 5.072   Downloading pip-24.3.1-py3-none-any.whl.metadata (3.7 kB)
#11 5.141 Requirement already satisfied: setuptools<81 in ./venv/lib/python3.11/site-packages (79.0.1)
#11 5.429 Collecting setuptools<81
#11 5.448   Downloading setuptools-80.10.2-py3-none-any.whl.metadata (6.6 kB)
#11 5.660 Collecting wheel<0.46
#11 5.685   Downloading wheel-0.45.1-py3-none-any.whl.metadata (2.3 kB)
#11 5.903 Downloading pip-24.3.1-py3-none-any.whl (1.8 MB)
#11 6.145    ━━━━━━━━━━━━━━━━━━━━━━━━━━━━━━━━━━━━━━━━ 1.8/1.8 MB 7.6 MB/s eta 0:00:00
#11 6.165 Downloading setuptools-80.10.2-py3-none-any.whl (1.1 MB)
#11 6.305    ━━━━━━━━━━━━━━━━━━━━━━━━━━━━━━━━━━━━━━━━ 1.1/1.1 MB 7.6 MB/s eta 0:00:00
#11 6.327 Downloading wheel-0.45.1-py3-none-any.whl (72 kB)
#11 6.428    ━━━━━━━━━━━━━━━━━━━━━━━━━━━━━━━━━━━━━━━━ 72.5/72.5 kB 641.1 kB/s eta 0:00:00
#11 6.509 Installing collected packages: wheel, setuptools, pip
#11 6.614   Attempting uninstall: setuptools
#11 6.616     Found existing installation: setuptools 79.0.1
#11 6.643     Uninstalling setuptools-79.0.1:
#11 6.656       Successfully uninstalled setuptools-79.0.1
#11 7.126   Attempting uninstall: pip
#11 7.129     Found existing installation: pip 24.0
#11 7.165     Uninstalling pip-24.0:
#11 7.170       Successfully uninstalled pip-24.0
#11 7.791 Successfully installed pip-24.3.1 setuptools-80.10.2 wheel-0.45.1
#11 8.010 
#11 8.010 [notice] A new release of pip is available: 24.3.1 -> 26.0.1
#11 8.010 [notice] To update, run: pip install --upgrade pip
#11 8.581 Ignoring asn1crypto: markers 'python_version < "3.11"' don't match your environment
#11 8.581 Ignoring Babel: markers 'python_version < "3.11"' don't match your environment
#11 8.581 Ignoring Babel: markers 'python_version >= "3.13"' don't match your environment
#11 8.581 Ignoring cbor2: markers 'python_version >= "3.12"' don't match your environment
#11 8.582 Ignoring chardet: markers 'python_version < "3.11"' don't match your environment
#11 8.582 Ignoring cryptography: markers 'python_version >= "3.12"' don't match your environment
#11 8.582 Ignoring decorator: markers 'python_version < "3.11"' don't match your environment
#11 8.582 Ignoring docutils: markers 'python_version < "3.11"' don't match your environment
#11 8.582 Ignoring freezegun: markers 'python_version < "3.11"' don't match your environment
#11 8.582 Ignoring freezegun: markers 'python_version >= "3.13"' don't match your environment
#11 8.583 Ignoring gevent: markers 'sys_platform != "win32" and python_version == "3.10"' don't match your environment
#11 8.583 Ignoring gevent: markers 'sys_platform != "win32" and python_version >= "3.12" and python_version < "3.13"' don't match your environment
#11 8.583 Ignoring gevent: markers 'sys_platform != "win32" and python_version >= "3.13"' don't match your environment
#11 8.583 Ignoring greenlet: markers 'sys_platform != "win32" and python_version == "3.10"' don't match your environment
#11 8.583 Ignoring greenlet: markers 'sys_platform != "win32" and python_version >= "3.12" and python_version < "3.13"' don't match your environment
#11 8.583 Ignoring greenlet: markers 'sys_platform != "win32" and python_version >= "3.13"' don't match your environment
#11 8.583 Ignoring idna: markers 'python_version >= "3.12"' don't match your environment
#11 8.584 Ignoring Jinja2: markers 'python_version <= "3.10"' don't match your environment
#11 8.584 Ignoring libsass: markers 'python_version < "3.11"' don't match your environment
#11 8.584 Ignoring lxml: markers 'python_version <= "3.10"' don't match your environment
#11 8.584 Ignoring lxml: markers 'python_version >= "3.12"' don't match your environment
#11 8.584 Ignoring lxml-html-clean: markers 'python_version >= "3.12"' don't match your environment
#11 8.584 Ignoring MarkupSafe: markers 'python_version <= "3.10"' don't match your environment
#11 8.584 Ignoring MarkupSafe: markers 'python_version >= "3.12"' don't match your environment
#11 8.585 Ignoring num2words: markers 'python_version >= "3.12"' don't match your environment
#11 8.585 Ignoring openpyxl: markers 'python_version >= "3.12"' don't match your environment
#11 8.585 Ignoring Pillow: markers 'python_version <= "3.10"' don't match your environment
#11 8.585 Ignoring Pillow: markers 'python_version >= "3.12" and python_version < "3.13"' don't match your environment
#11 8.585 Ignoring Pillow: markers 'python_version >= "3.13"' don't match your environment
#11 8.585 Ignoring psutil: markers 'python_version <= "3.10"' don't match your environment
#11 8.585 Ignoring psutil: markers 'python_version >= "3.12"' don't match your environment
#11 8.585 Ignoring psycopg2: markers 'python_version == "3.10"' don't match your environment
#11 8.586 Ignoring psycopg2: markers 'python_version >= "3.12" and python_version < "3.13"' don't match your environment
#11 8.586 Ignoring psycopg2: markers 'python_version >= "3.13"' don't match your environment
#11 8.586 Ignoring pyopenssl: markers 'python_version >= "3.12"' don't match your environment
#11 8.586 Ignoring PyPDF2: markers 'python_version <= "3.10"' don't match your environment
#11 8.586 Ignoring PyPDF: markers 'python_version >= "3.13"' don't match your environment
#11 8.586 Ignoring pypiwin32: markers 'sys_platform == "win32"' don't match your environment
#11 8.586 Ignoring python-dateutil: markers 'python_version < "3.11"' don't match your environment
#11 8.586 Ignoring python-ldap: markers 'sys_platform != "win32" and python_version >= "3.12"' don't match your environment
#11 8.587 Ignoring python-stdnum: markers 'python_version < "3.11"' don't match your environment
#11 8.587 Ignoring qrcode: markers 'python_version < "3.11"' don't match your environment
#11 8.587 Ignoring reportlab: markers 'python_version <= "3.10"' don't match your environment
#11 8.587 Ignoring reportlab: markers 'python_version >= "3.12"' don't match your environment
#11 8.587 Ignoring requests: markers 'python_version < "3.11"' don't match your environment
#11 8.587 Ignoring rjsmin: markers 'python_version < "3.11"' don't match your environment
#11 8.587 Ignoring rl-renderPM: markers 'sys_platform == "win32" and python_version >= "3.12"' don't match your environment
#11 8.588 Ignoring urllib3: markers 'python_version >= "3.12"' don't match your environment
#11 8.588 Ignoring Werkzeug: markers 'python_version <= "3.10"' don't match your environment
#11 8.588 Ignoring Werkzeug: markers 'python_version >= "3.12"' don't match your environment
#11 8.588 Ignoring xlrd: markers 'python_version >= "3.12"' don't match your environment
#11 8.588 Ignoring XlsxWriter: markers 'python_version >= "3.12"' don't match your environment
#11 8.588 Ignoring zeep: markers 'python_version < "3.11"' don't match your environment
#11 8.588 Ignoring zeep: markers 'python_version >= "3.13"' don't match your environment
#11 8.801 Collecting asn1crypto==1.5.1 (from -r /tmp/requirements-docker.txt (line 4))
#11 8.929   Downloading asn1crypto-1.5.1-py2.py3-none-any.whl.metadata (13 kB)
#11 9.094 Collecting Babel==2.10.3 (from -r /tmp/requirements-docker.txt (line 6))
#11 9.114   Downloading Babel-2.10.3-py3-none-any.whl.metadata (1.3 kB)
#11 9.335 Collecting cbor2==5.4.6 (from -r /tmp/requirements-docker.txt (line 8))
#11 9.362   Downloading cbor2-5.4.6-cp311-cp311-manylinux_2_17_x86_64.manylinux2014_x86_64.whl.metadata (5.6 kB)
#11 9.575 Collecting chardet==5.2.0 (from -r /tmp/requirements-docker.txt (line 11))
#11 9.602   Downloading chardet-5.2.0-py3-none-any.whl.metadata (3.4 kB)
#11 9.988 Collecting cryptography==3.4.8 (from -r /tmp/requirements-docker.txt (line 12))
#11 10.01   Downloading cryptography-3.4.8-cp36-abi3-manylinux_2_24_x86_64.whl.metadata (5.2 kB)
#11 10.19 Collecting decorator==5.1.1 (from -r /tmp/requirements-docker.txt (line 15))
#11 10.21   Downloading decorator-5.1.1-py3-none-any.whl.metadata (4.0 kB)
#11 10.41 Collecting docutils==0.20.1 (from -r /tmp/requirements-docker.txt (line 17))
#11 10.43   Downloading docutils-0.20.1-py3-none-any.whl.metadata (2.8 kB)
#11 10.69 Collecting freezegun==1.2.1 (from -r /tmp/requirements-docker.txt (line 19))
#11 10.71   Downloading freezegun-1.2.1-py3-none-any.whl.metadata (10 kB)
#11 10.91 Collecting geoip2==2.9.0 (from -r /tmp/requirements-docker.txt (line 21))
#11 10.93   Downloading geoip2-2.9.0-py2.py3-none-any.whl.metadata (13 kB)
#11 11.23 Collecting gevent==22.10.2 (from -r /tmp/requirements-docker.txt (line 23))
#11 11.26   Downloading gevent-22.10.2-cp311-cp311-manylinux_2_17_x86_64.manylinux2014_x86_64.whl.metadata (13 kB)
#11 11.56 Collecting greenlet==2.0.2 (from -r /tmp/requirements-docker.txt (line 27))
#11 11.59   Downloading greenlet-2.0.2-cp311-cp311-manylinux_2_17_x86_64.manylinux2014_x86_64.whl.metadata (4.1 kB)
#11 11.79 Collecting idna==2.10 (from -r /tmp/requirements-docker.txt (line 30))
#11 11.82   Downloading idna-2.10-py2.py3-none-any.whl.metadata (9.1 kB)
#11 12.06 Collecting Jinja2==3.1.2 (from -r /tmp/requirements-docker.txt (line 33))
#11 12.08   Downloading Jinja2-3.1.2-py3-none-any.whl.metadata (3.5 kB)
#11 12.33 Collecting libsass==0.22.0 (from -r /tmp/requirements-docker.txt (line 35))
#11 12.35   Downloading libsass-0.22.0-cp36-abi3-manylinux_2_5_x86_64.manylinux1_x86_64.whl.metadata (4.6 kB)
#11 12.67 Collecting lxml==4.9.3 (from -r /tmp/requirements-docker.txt (line 37))
#11 12.69   Downloading lxml-4.9.3-cp311-cp311-manylinux_2_28_x86_64.whl.metadata (3.8 kB)
#11 12.88 Collecting MarkupSafe==2.1.2 (from -r /tmp/requirements-docker.txt (line 41))
#11 12.90   Downloading MarkupSafe-2.1.2-cp311-cp311-manylinux_2_17_x86_64.manylinux2014_x86_64.whl.metadata (3.2 kB)
#11 13.07 Collecting num2words==0.5.10 (from -r /tmp/requirements-docker.txt (line 43))
#11 13.10   Downloading num2words-0.5.10-py3-none-any.whl.metadata (8.9 kB)
#11 13.33 Collecting ofxparse==0.21 (from -r /tmp/requirements-docker.txt (line 45))
#11 13.35   Downloading ofxparse-0.21.tar.gz (53 kB)
#11 13.51   Preparing metadata (setup.py): started
#11 13.81   Preparing metadata (setup.py): finished with status 'done'
#11 13.99 Collecting openpyxl==3.0.9 (from -r /tmp/requirements-docker.txt (line 46))
#11 14.01   Downloading openpyxl-3.0.9-py2.py3-none-any.whl.metadata (2.4 kB)
#11 14.33 Collecting passlib==1.7.4 (from -r /tmp/requirements-docker.txt (line 48))
#11 14.36   Downloading passlib-1.7.4-py2.py3-none-any.whl.metadata (1.7 kB)
#11 14.68 Collecting Pillow==9.4.0 (from -r /tmp/requirements-docker.txt (line 50))
#11 14.71   Downloading Pillow-9.4.0-cp311-cp311-manylinux_2_28_x86_64.whl.metadata (9.3 kB)
#11 14.88 Collecting polib==1.1.1 (from -r /tmp/requirements-docker.txt (line 53))
#11 14.91   Downloading polib-1.1.1-py2.py3-none-any.whl.metadata (14 kB)
#11 15.21 Collecting psutil==5.9.4 (from -r /tmp/requirements-docker.txt (line 55))
#11 15.23   Downloading psutil-5.9.4-cp36-abi3-manylinux_2_12_x86_64.manylinux2010_x86_64.manylinux_2_17_x86_64.manylinux2014_x86_64.whl.metadata (21 kB)
#11 15.45 Collecting psycopg2==2.9.5 (from -r /tmp/requirements-docker.txt (line 58))
#11 15.47   Downloading psycopg2-2.9.5.tar.gz (384 kB)
#11 15.78   Preparing metadata (setup.py): started
#11 16.10   Preparing metadata (setup.py): finished with status 'done'
#11 16.23 Collecting pyopenssl==21.0.0 (from -r /tmp/requirements-docker.txt (line 61))
#11 16.25   Downloading pyOpenSSL-21.0.0-py2.py3-none-any.whl.metadata (7.4 kB)
#11 16.40 Collecting PyPDF2==2.12.1 (from -r /tmp/requirements-docker.txt (line 64))
#11 16.42   Downloading pypdf2-2.12.1-py3-none-any.whl.metadata (6.6 kB)
#11 16.62 Collecting pyserial==3.5 (from -r /tmp/requirements-docker.txt (line 67))
#11 16.64   Downloading pyserial-3.5-py2.py3-none-any.whl.metadata (1.6 kB)
#11 16.83 Collecting python-dateutil==2.8.2 (from -r /tmp/requirements-docker.txt (line 69))
#11 16.86   Downloading python_dateutil-2.8.2-py2.py3-none-any.whl.metadata (8.2 kB)
#11 17.08 Collecting python-ldap==3.4.0 (from -r /tmp/requirements-docker.txt (line 70))
#11 17.11   Downloading python-ldap-3.4.0.tar.gz (376 kB)
#11 17.40   Installing build dependencies: started
#11 19.04   Installing build dependencies: finished with status 'done'
#11 19.04   Getting requirements to build wheel: started
#11 19.36   Getting requirements to build wheel: finished with status 'done'
#11 19.36   Preparing metadata (pyproject.toml): started
#11 19.69   Preparing metadata (pyproject.toml): finished with status 'done'
#11 19.78 Collecting python-stdnum==1.19 (from -r /tmp/requirements-docker.txt (line 73))
#11 19.81   Downloading python_stdnum-1.19-py2.py3-none-any.whl.metadata (17 kB)
#11 20.06 Collecting pytz (from -r /tmp/requirements-docker.txt (line 74))
#11 20.08   Downloading pytz-2026.1.post1-py2.py3-none-any.whl.metadata (22 kB)
#11 20.26 Collecting pyusb==1.2.1 (from -r /tmp/requirements-docker.txt (line 75))
#11 20.28   Downloading pyusb-1.2.1-py3-none-any.whl.metadata (2.2 kB)
#11 20.49 Collecting qrcode==7.4.2 (from -r /tmp/requirements-docker.txt (line 77))
#11 20.51   Downloading qrcode-7.4.2-py3-none-any.whl.metadata (17 kB)
#11 20.78 Collecting reportlab==3.6.12 (from -r /tmp/requirements-docker.txt (line 79))
#11 20.80   Downloading reportlab-3.6.12-cp311-cp311-manylinux_2_17_x86_64.manylinux2014_x86_64.whl.metadata (1.2 kB)
#11 20.98 Collecting requests==2.31.0 (from -r /tmp/requirements-docker.txt (line 82))
#11 21.00   Downloading requests-2.31.0-py3-none-any.whl.metadata (4.6 kB)
#11 21.20 Collecting rjsmin==1.2.0 (from -r /tmp/requirements-docker.txt (line 84))
#11 21.22   Downloading rjsmin-1.2.0.tar.gz (419 kB)
#11 21.40   Preparing metadata (setup.py): started
#11 21.70   Preparing metadata (setup.py): finished with status 'done'
#11 21.87 Collecting urllib3==1.26.5 (from -r /tmp/requirements-docker.txt (line 86))
#11 21.90   Downloading urllib3-1.26.5-py2.py3-none-any.whl.metadata (43 kB)
#11 22.08 Collecting vobject==0.9.6.1 (from -r /tmp/requirements-docker.txt (line 88))
#11 22.11   Downloading vobject-0.9.6.1.tar.gz (58 kB)
#11 22.21   Preparing metadata (setup.py): started
#11 22.50   Preparing metadata (setup.py): finished with status 'done'
#11 22.61 Collecting Werkzeug==2.2.2 (from -r /tmp/requirements-docker.txt (line 90))
#11 22.63   Downloading Werkzeug-2.2.2-py3-none-any.whl.metadata (4.4 kB)
#11 22.80 Collecting xlrd==1.2.0 (from -r /tmp/requirements-docker.txt (line 92))
#11 22.82   Downloading xlrd-1.2.0-py2.py3-none-any.whl.metadata (1.3 kB)
#11 23.03 Collecting XlsxWriter==3.0.2 (from -r /tmp/requirements-docker.txt (line 94))
#11 23.05   Downloading XlsxWriter-3.0.2-py3-none-any.whl.metadata (2.5 kB)
#11 23.26 Collecting xlwt==1.3.0 (from -r /tmp/requirements-docker.txt (line 96))
#11 23.29   Downloading xlwt-1.3.0-py2.py3-none-any.whl.metadata (3.5 kB)
#11 23.49 Collecting zeep==4.2.1 (from -r /tmp/requirements-docker.txt (line 98))
#11 23.51   Downloading zeep-4.2.1-py3-none-any.whl.metadata (3.5 kB)
#11 23.83 Collecting cffi>=1.12 (from cryptography==3.4.8->-r /tmp/requirements-docker.txt (line 12))
#11 23.85   Downloading cffi-2.0.0-cp311-cp311-manylinux2014_x86_64.manylinux_2_17_x86_64.whl.metadata (2.6 kB)
#11 24.21 Collecting maxminddb>=1.4.0 (from geoip2==2.9.0->-r /tmp/requirements-docker.txt (line 21))
#11 24.24   Downloading maxminddb-3.1.1-cp311-cp311-manylinux2014_x86_64.manylinux_2_17_x86_64.manylinux_2_28_x86_64.whl.metadata (5.3 kB)
#11 24.42 Collecting zope.event (from gevent==22.10.2->-r /tmp/requirements-docker.txt (line 23))
#11 24.45   Downloading zope_event-6.1-py3-none-any.whl.metadata (5.1 kB)
#11 24.78 Collecting zope.interface (from gevent==22.10.2->-r /tmp/requirements-docker.txt (line 23))
#11 24.81   Downloading zope_interface-8.2-cp311-cp311-manylinux1_x86_64.manylinux2014_x86_64.manylinux_2_17_x86_64.manylinux_2_5_x86_64.whl.metadata (45 kB)
#11 24.88 Requirement already satisfied: setuptools in ./venv/lib/python3.11/site-packages (from gevent==22.10.2->-r /tmp/requirements-docker.txt (line 23)) (80.10.2)
#11 25.00 Collecting docopt>=0.6.2 (from num2words==0.5.10->-r /tmp/requirements-docker.txt (line 43))
#11 25.03   Downloading docopt-0.6.2.tar.gz (25 kB)
#11 25.13   Preparing metadata (setup.py): started
#11 25.44   Preparing metadata (setup.py): finished with status 'done'
#11 25.54 Collecting beautifulsoup4 (from ofxparse==0.21->-r /tmp/requirements-docker.txt (line 45))
#11 25.57   Downloading beautifulsoup4-4.14.3-py3-none-any.whl.metadata (3.8 kB)
#11 25.76 Collecting six (from ofxparse==0.21->-r /tmp/requirements-docker.txt (line 45))
#11 25.79   Downloading six-1.17.0-py2.py3-none-any.whl.metadata (1.7 kB)
#11 26.01 Collecting et-xmlfile (from openpyxl==3.0.9->-r /tmp/requirements-docker.txt (line 46))
#11 26.05   Downloading et_xmlfile-2.0.0-py3-none-any.whl.metadata (2.7 kB)
#11 26.25 Collecting pyasn1>=0.3.7 (from python-ldap==3.4.0->-r /tmp/requirements-docker.txt (line 70))
#11 26.27   Downloading pyasn1-0.6.3-py3-none-any.whl.metadata (8.4 kB)
#11 26.47 Collecting pyasn1_modules>=0.1.5 (from python-ldap==3.4.0->-r /tmp/requirements-docker.txt (line 70))
#11 26.49   Downloading pyasn1_modules-0.4.2-py3-none-any.whl.metadata (3.5 kB)
#11 26.68 Collecting typing-extensions (from qrcode==7.4.2->-r /tmp/requirements-docker.txt (line 77))
#11 26.70   Downloading typing_extensions-4.15.0-py3-none-any.whl.metadata (3.3 kB)
#11 26.97 Collecting pypng (from qrcode==7.4.2->-r /tmp/requirements-docker.txt (line 77))
#11 27.00   Downloading pypng-0.20220715.0-py3-none-any.whl.metadata (13 kB)
#11 27.29 Collecting charset-normalizer<4,>=2 (from requests==2.31.0->-r /tmp/requirements-docker.txt (line 82))
#11 27.31   Downloading charset_normalizer-3.4.7-cp311-cp311-manylinux2014_x86_64.manylinux_2_17_x86_64.manylinux_2_28_x86_64.whl.metadata (40 kB)
#11 27.52 Collecting certifi>=2017.4.17 (from requests==2.31.0->-r /tmp/requirements-docker.txt (line 82))
#11 27.54   Downloading certifi-2026.2.25-py3-none-any.whl.metadata (2.5 kB)
#11 27.74 Collecting attrs>=17.2.0 (from zeep==4.2.1->-r /tmp/requirements-docker.txt (line 98))
#11 27.77   Downloading attrs-26.1.0-py3-none-any.whl.metadata (8.8 kB)
#11 27.92 Collecting isodate>=0.5.4 (from zeep==4.2.1->-r /tmp/requirements-docker.txt (line 98))
#11 27.95   Downloading isodate-0.7.2-py3-none-any.whl.metadata (11 kB)
#11 28.15 Collecting platformdirs>=1.4.0 (from zeep==4.2.1->-r /tmp/requirements-docker.txt (line 98))
#11 28.17   Downloading platformdirs-4.9.4-py3-none-any.whl.metadata (4.7 kB)
#11 28.38 Collecting requests-toolbelt>=0.7.1 (from zeep==4.2.1->-r /tmp/requirements-docker.txt (line 98))
#11 28.41   Downloading requests_toolbelt-1.0.0-py2.py3-none-any.whl.metadata (14 kB)
#11 28.59 Collecting requests-file>=1.5.1 (from zeep==4.2.1->-r /tmp/requirements-docker.txt (line 98))
#11 28.61   Downloading requests_file-3.0.1-py2.py3-none-any.whl.metadata (1.7 kB)
#11 28.92 Collecting pycparser (from cffi>=1.12->cryptography==3.4.8->-r /tmp/requirements-docker.txt (line 12))
#11 28.95   Downloading pycparser-3.0-py3-none-any.whl.metadata (8.2 kB)
#11 29.14 Collecting soupsieve>=1.6.1 (from beautifulsoup4->ofxparse==0.21->-r /tmp/requirements-docker.txt (line 45))
#11 29.16   Downloading soupsieve-2.8.3-py3-none-any.whl.metadata (4.6 kB)
#11 29.29 Downloading asn1crypto-1.5.1-py2.py3-none-any.whl (105 kB)
#11 29.43 Downloading Babel-2.10.3-py3-none-any.whl (9.5 MB)
#11 31.35    ━━━━━━━━━━━━━━━━━━━━━━━━━━━━━━━━━━━━━━━━ 9.5/9.5 MB 5.0 MB/s eta 0:00:00
#11 31.38 Downloading cbor2-5.4.6-cp311-cp311-manylinux_2_17_x86_64.manylinux2014_x86_64.whl (232 kB)
#11 31.52 Downloading chardet-5.2.0-py3-none-any.whl (199 kB)
#11 31.63 Downloading cryptography-3.4.8-cp36-abi3-manylinux_2_24_x86_64.whl (3.0 MB)
#11 32.26    ━━━━━━━━━━━━━━━━━━━━━━━━━━━━━━━━━━━━━━━━ 3.0/3.0 MB 4.6 MB/s eta 0:00:00
#11 32.28 Downloading decorator-5.1.1-py3-none-any.whl (9.1 kB)
#11 32.49 Downloading docutils-0.20.1-py3-none-any.whl (572 kB)
#11 32.65    ━━━━━━━━━━━━━━━━━━━━━━━━━━━━━━━━━━━━━━━━ 572.7/572.7 kB 2.5 MB/s eta 0:00:00
#11 32.67 Downloading freezegun-1.2.1-py3-none-any.whl (16 kB)
#11 32.77 Downloading geoip2-2.9.0-py2.py3-none-any.whl (18 kB)
#11 32.91 Downloading gevent-22.10.2-cp311-cp311-manylinux_2_17_x86_64.manylinux2014_x86_64.whl (6.8 MB)
#11 33.76    ━━━━━━━━━━━━━━━━━━━━━━━━━━━━━━━━━━━━━━━━ 6.8/6.8 MB 8.0 MB/s eta 0:00:00
#11 33.79 Downloading greenlet-2.0.2-cp311-cp311-manylinux_2_17_x86_64.manylinux2014_x86_64.whl (618 kB)
#11 33.93    ━━━━━━━━━━━━━━━━━━━━━━━━━━━━━━━━━━━━━━━━ 618.8/618.8 kB 3.1 MB/s eta 0:00:00
#11 33.95 Downloading idna-2.10-py2.py3-none-any.whl (58 kB)
#11 34.15 Downloading Jinja2-3.1.2-py3-none-any.whl (133 kB)
#11 34.28 Downloading libsass-0.22.0-cp36-abi3-manylinux_2_5_x86_64.manylinux1_x86_64.whl (9.4 MB)
#11 35.32    ━━━━━━━━━━━━━━━━━━━━━━━━━━━━━━━━━━━━━━━━ 9.4/9.4 MB 9.1 MB/s eta 0:00:00
#11 35.34 Downloading lxml-4.9.3-cp311-cp311-manylinux_2_28_x86_64.whl (7.9 MB)
#11 36.84    ━━━━━━━━━━━━━━━━━━━━━━━━━━━━━━━━━━━━━━━━ 7.9/7.9 MB 5.2 MB/s eta 0:00:00
#11 36.86 Downloading MarkupSafe-2.1.2-cp311-cp311-manylinux_2_17_x86_64.manylinux2014_x86_64.whl (27 kB)
#11 36.95 Downloading num2words-0.5.10-py3-none-any.whl (101 kB)
#11 37.04 Downloading openpyxl-3.0.9-py2.py3-none-any.whl (242 kB)
#11 37.14 Downloading passlib-1.7.4-py2.py3-none-any.whl (525 kB)
#11 37.26    ━━━━━━━━━━━━━━━━━━━━━━━━━━━━━━━━━━━━━━━━ 525.6/525.6 kB 2.7 MB/s eta 0:00:00
#11 37.28 Downloading Pillow-9.4.0-cp311-cp311-manylinux_2_28_x86_64.whl (3.4 MB)
#11 37.68    ━━━━━━━━━━━━━━━━━━━━━━━━━━━━━━━━━━━━━━━━ 3.4/3.4 MB 8.2 MB/s eta 0:00:00
#11 37.70 Downloading polib-1.1.1-py2.py3-none-any.whl (20 kB)
#11 37.79 Downloading psutil-5.9.4-cp36-abi3-manylinux_2_12_x86_64.manylinux2010_x86_64.manylinux_2_17_x86_64.manylinux2014_x86_64.whl (280 kB)
#11 37.91 Downloading pyOpenSSL-21.0.0-py2.py3-none-any.whl (55 kB)
#11 38.02 Downloading pypdf2-2.12.1-py3-none-any.whl (222 kB)
#11 38.12 Downloading pyserial-3.5-py2.py3-none-any.whl (90 kB)
#11 38.22 Downloading python_dateutil-2.8.2-py2.py3-none-any.whl (247 kB)
#11 38.38 Downloading python_stdnum-1.19-py2.py3-none-any.whl (1.0 MB)
#11 38.57    ━━━━━━━━━━━━━━━━━━━━━━━━━━━━━━━━━━━━━━━━ 1.0/1.0 MB 4.4 MB/s eta 0:00:00
#11 38.59 Downloading pyusb-1.2.1-py3-none-any.whl (58 kB)
#11 38.68 Downloading qrcode-7.4.2-py3-none-any.whl (46 kB)
#11 38.81 Downloading reportlab-3.6.12-cp311-cp311-manylinux_2_17_x86_64.manylinux2014_x86_64.whl (2.8 MB)
#11 39.11    ━━━━━━━━━━━━━━━━━━━━━━━━━━━━━━━━━━━━━━━━ 2.8/2.8 MB 9.1 MB/s eta 0:00:00
#11 39.13 Downloading requests-2.31.0-py3-none-any.whl (62 kB)
#11 39.21 Downloading urllib3-1.26.5-py2.py3-none-any.whl (138 kB)
#11 39.33 Downloading Werkzeug-2.2.2-py3-none-any.whl (232 kB)
#11 39.44 Downloading xlrd-1.2.0-py2.py3-none-any.whl (103 kB)
#11 39.54 Downloading XlsxWriter-3.0.2-py3-none-any.whl (149 kB)
#11 39.63 Downloading xlwt-1.3.0-py2.py3-none-any.whl (99 kB)
#11 39.73 Downloading zeep-4.2.1-py3-none-any.whl (101 kB)
#11 39.95 Downloading pytz-2026.1.post1-py2.py3-none-any.whl (510 kB)
#11 40.08 Downloading attrs-26.1.0-py3-none-any.whl (67 kB)
#11 40.18 Downloading certifi-2026.2.25-py3-none-any.whl (153 kB)
#11 40.28 Downloading cffi-2.0.0-cp311-cp311-manylinux2014_x86_64.manylinux_2_17_x86_64.whl (215 kB)
#11 40.38 Downloading charset_normalizer-3.4.7-cp311-cp311-manylinux2014_x86_64.manylinux_2_17_x86_64.manylinux_2_28_x86_64.whl (214 kB)
#11 40.50 Downloading isodate-0.7.2-py3-none-any.whl (22 kB)
#11 40.61 Downloading maxminddb-3.1.1-cp311-cp311-manylinux2014_x86_64.manylinux_2_17_x86_64.manylinux_2_28_x86_64.whl (98 kB)
#11 40.70 Downloading platformdirs-4.9.4-py3-none-any.whl (21 kB)
#11 40.81 Downloading pyasn1-0.6.3-py3-none-any.whl (83 kB)
#11 40.92 Downloading pyasn1_modules-0.4.2-py3-none-any.whl (181 kB)
#11 41.02 Downloading requests_file-3.0.1-py2.py3-none-any.whl (4.5 kB)
#11 41.11 Downloading requests_toolbelt-1.0.0-py2.py3-none-any.whl (54 kB)
#11 41.21 Downloading six-1.17.0-py2.py3-none-any.whl (11 kB)
#11 41.30 Downloading beautifulsoup4-4.14.3-py3-none-any.whl (107 kB)
#11 41.75 Downloading typing_extensions-4.15.0-py3-none-any.whl (44 kB)
#11 42.22 Downloading et_xmlfile-2.0.0-py3-none-any.whl (18 kB)
#11 42.47 Downloading pypng-0.20220715.0-py3-none-any.whl (58 kB)
#11 42.56 Downloading zope_event-6.1-py3-none-any.whl (6.4 kB)
#11 42.64 Downloading zope_interface-8.2-cp311-cp311-manylinux1_x86_64.manylinux2014_x86_64.manylinux_2_17_x86_64.manylinux_2_5_x86_64.whl (259 kB)
#11 42.78 Downloading soupsieve-2.8.3-py3-none-any.whl (37 kB)
#11 42.87 Downloading pycparser-3.0-py3-none-any.whl (48 kB)
#11 43.00 Building wheels for collected packages: ofxparse, psycopg2, python-ldap, rjsmin, vobject, docopt
#11 43.00   Building wheel for ofxparse (setup.py): started
#11 43.36   Building wheel for ofxparse (setup.py): finished with status 'done'
#11 43.36   Created wheel for ofxparse: filename=ofxparse-0.21-py3-none-any.whl size=35405 sha256=066991ccbb4f1818a7e1140e1100ce2d098d349a6bf736405b17304b32769ce0
#11 43.36   Stored in directory: /root/.cache/pip/wheels/a2/48/5a/9ada8cfc5e920131e8d4f1f82476a598dc4a8530184f89b545
#11 43.37   Building wheel for psycopg2 (setup.py): started
#11 48.38   Building wheel for psycopg2 (setup.py): finished with status 'done'
#11 48.38   Created wheel for psycopg2: filename=psycopg2-2.9.5-cp311-cp311-linux_x86_64.whl size=495174 sha256=80b8c981603aaaa77dc0de59a8d5a38f40c6dd70fd31f50bdaeabefde6472a92
#11 48.38   Stored in directory: /root/.cache/pip/wheels/41/69/c6/3d0a28861cf363402eab31679904dc0abba976d9d1c8810631
#11 48.38   Building wheel for python-ldap (pyproject.toml): started
#11 50.04   Building wheel for python-ldap (pyproject.toml): finished with status 'done'
#11 50.04   Created wheel for python-ldap: filename=python_ldap-3.4.0-cp311-cp311-linux_x86_64.whl size=207559 sha256=6337dd4c4c37bb0537c6d90acacd87bc47cf697f3a42fc626de71162f1d2e95b
#11 50.04   Stored in directory: /root/.cache/pip/wheels/7d/2d/fd/8b819a99dc0a8c2e76614e2516376cc10f3ceca639f292911a
#11 50.04   Building wheel for rjsmin (setup.py): started
#11 50.64   Building wheel for rjsmin (setup.py): finished with status 'done'
#11 50.64   Created wheel for rjsmin: filename=rjsmin-1.2.0-py3-none-any.whl size=12496 sha256=ff5a6a65ababee4b1f4f6687b50a4ae09f692fc75932925d198a198bcc8b7a9e
#11 50.64   Stored in directory: /root/.cache/pip/wheels/82/37/99/a7c9f2666a27f96b7cbccfeca60e34eee3ce87f9f09e472ae5
#11 50.64   Building wheel for vobject (setup.py): started
#11 50.99   Building wheel for vobject (setup.py): finished with status 'done'
#11 50.99   Created wheel for vobject: filename=vobject-0.9.6.1-py3-none-any.whl size=47788 sha256=02c9eae10fd51167482ccd694eec0b760c575d7ca1ad409f471c9d3364ca536c
#11 50.99   Stored in directory: /root/.cache/pip/wheels/4a/a7/50/c265cf99e282022b62b966a04ff8802603d70c87c26030e473
#11 50.99   Building wheel for docopt (setup.py): started
#11 51.33   Building wheel for docopt (setup.py): finished with status 'done'
#11 51.33   Created wheel for docopt: filename=docopt-0.6.2-py2.py3-none-any.whl size=13781 sha256=48bebdedc7c29b9696aeca5b4713cf4103ffce9be1f88773761c49980b9442b9
#11 51.33   Stored in directory: /root/.cache/pip/wheels/1a/b0/8c/4b75c4116c31f83c8f9f047231251e13cc74481cca4a78a9ce
#11 51.34 Successfully built ofxparse psycopg2 python-ldap rjsmin vobject docopt
#11 51.41 Installing collected packages: xlwt, rjsmin, pytz, python-stdnum, pyserial, pypng, polib, passlib, docopt, asn1crypto, zope.interface, zope.event, XlsxWriter, xlrd, urllib3, typing-extensions, soupsieve, six, pyusb, PyPDF2, pycparser, pyasn1, psycopg2, psutil, platformdirs, Pillow, num2words, maxminddb, MarkupSafe, lxml, libsass, isodate, idna, greenlet, et-xmlfile, docutils, decorator, charset-normalizer, chardet, certifi, cbor2, Babel, attrs, Werkzeug, requests, reportlab, qrcode, python-dateutil, pyasn1_modules, openpyxl, Jinja2, gevent, cffi, beautifulsoup4, vobject, requests-toolbelt, requests-file, python-ldap, ofxparse, geoip2, freezegun, cryptography, zeep, pyopenssl
#11 60.92 Successfully installed Babel-2.10.3 Jinja2-3.1.2 MarkupSafe-2.1.2 Pillow-9.4.0 PyPDF2-2.12.1 Werkzeug-2.2.2 XlsxWriter-3.0.2 asn1crypto-1.5.1 attrs-26.1.0 beautifulsoup4-4.14.3 cbor2-5.4.6 certifi-2026.2.25 cffi-2.0.0 chardet-5.2.0 charset-normalizer-3.4.7 cryptography-3.4.8 decorator-5.1.1 docopt-0.6.2 docutils-0.20.1 et-xmlfile-2.0.0 freezegun-1.2.1 geoip2-2.9.0 gevent-22.10.2 greenlet-2.0.2 idna-2.10 isodate-0.7.2 libsass-0.22.0 lxml-4.9.3 maxminddb-3.1.1 num2words-0.5.10 ofxparse-0.21 openpyxl-3.0.9 passlib-1.7.4 platformdirs-4.9.4 polib-1.1.1 psutil-5.9.4 psycopg2-2.9.5 pyasn1-0.6.3 pyasn1_modules-0.4.2 pycparser-3.0 pyopenssl-21.0.0 pypng-0.20220715.0 pyserial-3.5 python-dateutil-2.8.2 python-ldap-3.4.0 python-stdnum-1.19 pytz-2026.1.post1 pyusb-1.2.1 qrcode-7.4.2 reportlab-3.6.12 requests-2.31.0 requests-file-3.0.1 requests-toolbelt-1.0.0 rjsmin-1.2.0 six-1.17.0 soupsieve-2.8.3 typing-extensions-4.15.0 urllib3-1.26.5 vobject-0.9.6.1 xlrd-1.2.0 xlwt-1.3.0 zeep-4.2.1 zope.event-6.1 zope.interface-8.2
#11 60.96 
#11 60.96 [notice] A new release of pip is available: 24.3.1 -> 26.0.1
#11 60.96 [notice] To update, run: pip install --upgrade pip
#11 DONE 70.7s

#12 [ 8/12] COPY . /opt/odoo
#12 DONE 52.0s

#13 [ 9/12] COPY scripts/container-entrypoint.sh /usr/local/bin/container-entrypoint.sh
#13 DONE 3.5s

#14 [10/12] COPY scripts/odoo-venv.sh /usr/local/bin/odoo-venv
#14 DONE 2.3s

#15 [11/12] COPY docker/README.container.md /README-container.md
#15 DONE 1.8s

#16 [12/12] RUN chmod +x /usr/local/bin/container-entrypoint.sh /usr/local/bin/odoo-venv     && chown -R odoo:odoo /opt/odoo
